03c00ed Merge pull request #282 from rhashimoto/update-version
98465d9 Merge pull request #281 from rhashimoto/update-sqlite
6f40f89 Merge pull request #280 from rhashimoto/dependabot/npm_and_yarn/tar-fs-3.0.9
5b2ba05 Merge pull request #279 from rhashimoto/heap-module-members
a883e22 Merge pull request #274 from grantcox/single-textencoder-instance
fa72fb0 Merge pull request #276 from rhashimoto/hello-path-fixes
1caeb13 Merge pull request #270 from rhashimoto/bump-version
289c2c5 Merge pull request #269 from powersync-ja/opfs-sync-coop-typo
c7804f9 Merge pull request #264 from rhashimoto/dependabot/npm_and_yarn/koa-2.16.1
52f5c4c Merge pull request #261 from rhashimoto/attempted-ci-fix
3c20261 Merge pull request #230 from rhashimoto/dependabot/npm_and_yarn/cross-spawn-7.0.6
690dde7 Merge pull request #229 from rhashimoto/dependabot/npm_and_yarn/nanoid-3.3.8
5669cfc Merge pull request #227 from rhashimoto/demo-timing
605100a Merge pull request #225 from davidisaaclee/commit-hook
ca1c304 Merge pull request #224 from rhashimoto/update-sqlite
bfbbc6a Merge pull request #216 from rhashimoto/dependabot/npm_and_yarn/rollup-4.22.4
b06ba8c Merge pull request #214 from rhashimoto/setup-emsdk
6364093 Merge pull request #213 from rhashimoto/jspi-updates
a7e3676 Merge pull request #210 from hazelmeow/update-hook
6a29e15 Merge pull request #212 from rhashimoto/fix-set-authorizer
b782c68 Merge pull request #211 from rhashimoto/dependabot/npm_and_yarn/micromatch-4.0.8
160e2fb Merge pull request #203 from rhashimoto/dependabot/npm_and_yarn/75lb/deep-merge-1.1.2
f5092b5 Merge pull request #199 from rhashimoto/increment-version
5fef539 Merge pull request #198 from rhashimoto/clear-bindings
7722688 Merge pull request #197 from rhashimoto/sync-broadcast
f1ab3d5 Merge pull request #195 from rhashimoto/update-hello-demo
55bf0b6 Merge pull request #194 from rhashimoto/release-1.0.0
8193d40 Merge pull request #193 from rhashimoto/package
230c4c5 Merge pull request #191 from rhashimoto/dependabot
82b7dc0 Merge pull request #190 from rhashimoto/dependabot
ddd82eb Merge pull request #188 from rhashimoto/IDBMirrorVFS
5c36915 Merge pull request #185 from rhashimoto/sqlite-3.46.0
8d7eda9 Merge pull request #183 from rhashimoto/OPFSAnyContextVFS
a05f863 Merge pull request #182 from rhashimoto/WebLocksMixin-bug
a6d71b9 Merge pull request #181 from AlexErrant/remove-sql_0001
7975871 Merge pull request #180 from rhashimoto/hello-tables
1af11e6 Merge pull request #179 from rhashimoto/fix-hello
f7a1cc4 Merge pull request #178 from rhashimoto/move-hello
bcf51ad Merge pull request #177 from rhashimoto/move-hello
4dc6a19 Merge pull request #176 from rhashimoto/dependabot
5666020 Merge pull request #175 from rhashimoto/hello-demo
eb6e625 Merge pull request #174 from rhashimoto/merge-dev
